<?xml version="1.0" encoding="UTF-8"?>
<testsuites name="jest tests" tests="19" failures="0" errors="0" time="7.813">
  <testsuite name="PermissionsService" errors="0" failures="0" skipped="0" timestamp="2025-05-01T12:12:50" time="4.926" tests="11">
    <testcase classname="PermissionsService check() Verification Bypass (64) Bypass for Empty List" name="PermissionsService check() Verification Bypass (64) Bypass for Empty List" time="0.006">
    </testcase>
    <testcase classname="PermissionsService check() Verification Bypass (64) Bypass for Missing Stripe" name="PermissionsService check() Verification Bypass (64) Bypass for Missing Stripe" time="0.001">
    </testcase>
    <testcase classname="PermissionsService check() Verification Bypass (64) No Bypass" name="PermissionsService check() Verification Bypass (64) No Bypass" time="0.002">
    </testcase>
    <testcase classname="PermissionsService check() Channel Permission (82/87) All Conditions True" name="PermissionsService check() Channel Permission (82/87) All Conditions True" time="0.001">
    </testcase>
    <testcase classname="PermissionsService check() Channel Permission (82/87) Channel With Option Limit" name="PermissionsService check() Channel Permission (82/87) Channel With Option Limit" time="0.002">
    </testcase>
    <testcase classname="PermissionsService check() Channel Permission (82/87) Channel With Subscription Limit" name="PermissionsService check() Channel Permission (82/87) Channel With Subscription Limit" time="0.001">
    </testcase>
    <testcase classname="PermissionsService check() Channel Permission (82/87) Channel Without Available Limits" name="PermissionsService check() Channel Permission (82/87) Channel Without Available Limits" time="0.001">
    </testcase>
    <testcase classname="PermissionsService check() Channel Permission (82/87) Section Different from Channel" name="PermissionsService check() Channel Permission (82/87) Section Different from Channel" time="0">
    </testcase>
    <testcase classname="PermissionsService check() Monthly Posts Permission (97/110) Posts Within Limit" name="PermissionsService check() Monthly Posts Permission (97/110) Posts Within Limit" time="0.003">
    </testcase>
    <testcase classname="PermissionsService check() Monthly Posts Permission (97/110) Posts Exceed Limit" name="PermissionsService check() Monthly Posts Permission (97/110) Posts Exceed Limit" time="0.014">
    </testcase>
    <testcase classname="PermissionsService check() Monthly Posts Permission (97/110) Section Different with Posts Within Limit" name="PermissionsService check() Monthly Posts Permission (97/110) Section Different with Posts Within Limit" time="0.004">
    </testcase>
  </testsuite>
  <testsuite name="AuthClientService" errors="0" failures="0" skipped="0" timestamp="2025-05-01T12:12:55" time="0.288" tests="8">
    <testcase classname="AuthClientService should be defined" name="AuthClientService should be defined" time="0.009">
    </testcase>
    <testcase classname="AuthClientService validateToken should return user data if token is valid" name="AuthClientService validateToken should return user data if token is valid" time="0.035">
    </testcase>
    <testcase classname="AuthClientService validateToken should return null if token validation fails" name="AuthClientService validateToken should return null if token validation fails" time="0.002">
    </testcase>
    <testcase classname="AuthClientService login should return login data on successful login" name="AuthClientService login should return login data on successful login" time="0.002">
    </testcase>
    <testcase classname="AuthClientService login should throw error if login fails" name="AuthClientService login should throw error if login fails" time="0.006">
    </testcase>
    <testcase classname="AuthClientService register should return registration data on successful registration" name="AuthClientService register should return registration data on successful registration" time="0.003">
    </testcase>
    <testcase classname="AuthClientService activateAccount should return activation data on successful activation" name="AuthClientService activateAccount should return activation data on successful activation" time="0.004">
    </testcase>
    <testcase classname="AuthClientService refreshToken should return new tokens on successful refresh" name="AuthClientService refreshToken should return new tokens on successful refresh" time="0.012">
    </testcase>
  </testsuite>
</testsuites>